---
source: src/generator.rs
expression: formatted_code
input_file: src/test_schemas/04_nested_records.avsc
---
pub mod com {
    pub mod example {
        pub mod nested {
            #[derive(Debug, PartialEq, Clone, serde::Serialize, serde::Deserialize)]
            pub struct Customer {
                pub customer_id: i64,
                pub email: String,
            }
            #[derive(Debug, PartialEq, Clone, serde::Serialize, serde::Deserialize)]
            pub struct Order {
                pub order_id: i64,
                pub customer: Customer,
                pub shipping_address: String,
            }
        }
    }
}
